
> accreditex@0.0.0 build
> vite build

[36mvite v7.2.2 [32mbuilding client environment for production...[36m[39m
transforming...
[32mΓ£ô[39m 3 modules transformed.
Γ£ù Build failed in 945ms
error during build:
[vite:css] [postcss] It looks like you're trying to use `tailwindcss` directly as a PostCSS plugin. The PostCSS plugin has moved to a separate package, so to continue using Tailwind CSS with PostCSS you'll need to install `@tailwindcss/postcss` and update your PostCSS configuration.
file: D:/_Projects/accreditex/index.html?html-proxy&inline-css&index=0.css:undefined:NaN
    at at (D:\_Projects\accreditex\node_modules\tailwindcss\dist\lib.js:38:1629)
    at LazyResult.runOnRoot (D:\_Projects\accreditex\node_modules\postcss\lib\lazy-result.js:361:16)
    at LazyResult.runAsync (D:\_Projects\accreditex\node_modules\postcss\lib\lazy-result.js:290:26)
    at LazyResult.async (D:\_Projects\accreditex\node_modules\postcss\lib\lazy-result.js:192:30)
    at LazyResult.then (D:\_Projects\accreditex\node_modules\postcss\lib\lazy-result.js:436:17)
