
> accreditex@0.0.0 build
> vite build

[36mvite v6.4.0 [32mbuilding for production...[36m[39m
transforming...
[vite:css][postcss] @import must precede all other statements (besides @charset or empty @layer)
3  |  @tailwind utilities;
4  |  /* Arabic Typography - Google Fonts */
5  |  @import url('https://fonts.googleapis.com/css2?family=Cairo:wght@400;500;600;700&family=Tajawal:wght@400;500;700&display=swap');
   |  ^^^^^^^^^^^^^^^^^^^^^^^^^^^^^^^^^^^^^^^^^^^^^^^^^^^^^^^^^^^^^^^^^^^^^^^^^^^^^^^^^^^^^^^^^^^^^^^^^^^^^^^^^^^^^^^^^^^^^^^^^^^^^^^^
6  |  
7  |  /* Arabic Font Family */
[32mΓ£ô[39m 1402 modules transformed.
Γ£ù Build failed in 9.20s
error during build:
components/dashboard/PendingApprovalsWidget.tsx (9:2): "ExclamationCircleIcon" is not exported by "components/icons.tsx", imported by "components/dashboard/PendingApprovalsWidget.tsx".
file: D:/_Projects/accreditex/components/dashboard/PendingApprovalsWidget.tsx:9:2

 7:   DocumentTextIcon, 
 8:   CheckCircleIcon,
 9:   ExclamationCircleIcon,
      ^
10:   ClockIcon
11: } from '@/components/icons';

    at getRollupError (file:///D:/_Projects/accreditex/node_modules/rollup/dist/es/shared/parseAst.js:401:41)
    at error (file:///D:/_Projects/accreditex/node_modules/rollup/dist/es/shared/parseAst.js:397:42)
    at Module.error (file:///D:/_Projects/accreditex/node_modules/rollup/dist/es/shared/node-entry.js:16939:16)
    at Module.traceVariable (file:///D:/_Projects/accreditex/node_modules/rollup/dist/es/shared/node-entry.js:17391:29)
    at ModuleScope.findVariable (file:///D:/_Projects/accreditex/node_modules/rollup/dist/es/shared/node-entry.js:15061:39)
    at ReturnValueScope.findVariable (file:///D:/_Projects/accreditex/node_modules/rollup/dist/es/shared/node-entry.js:5642:38)
    at FunctionBodyScope.findVariable (file:///D:/_Projects/accreditex/node_modules/rollup/dist/es/shared/node-entry.js:5642:38)
    at ReturnValueScope.findVariable (file:///D:/_Projects/accreditex/node_modules/rollup/dist/es/shared/node-entry.js:5642:38)
    at FunctionBodyScope.findVariable (file:///D:/_Projects/accreditex/node_modules/rollup/dist/es/shared/node-entry.js:5642:38)
    at BlockScope.findVariable (file:///D:/_Projects/accreditex/node_modules/rollup/dist/es/shared/node-entry.js:5642:38)
