src/components/accreditation/ImportStandardsModal.tsx(16,13): error TS2339: Property 'toast' does not exist on type 'ToastContextType'.
src/components/accreditation/ProgramDocumentManager.tsx(86,27): error TS2339: Property 'createElement' does not exist on type 'ProgramDocument'.
src/components/accreditation/ProgramImportWizardModal.tsx(370,43): error TS2554: Expected 1 arguments, but got 2.
src/components/accreditation/ProgramImportWizardModal.tsx(374,47): error TS2554: Expected 1 arguments, but got 2.
src/components/accreditation/StandardAccordion.tsx(58,41): error TS18048: 'standard.subStandards' is possibly 'undefined'.
src/components/accreditation/StandardAccordion.tsx(138,14): error TS18048: 'standard.subStandards' is possibly 'undefined'.
src/components/accreditation/StandardDocumentManager.tsx(84,27): error TS2339: Property 'createElement' does not exist on type 'StandardDocument'.
src/components/accreditation/StandardModal.tsx(2,41): error TS2724: '"@/types"' has no exported member named 'SubStandard'. Did you mean 'Standard'?
src/components/ai/AIAssistantDemo.tsx(12,32): error TS2307: Cannot find module '@/hooks/useAIAssistant' or its corresponding type declarations.
src/components/analytics/AnalyticsDashboard.tsx(8,48): error TS2307: Cannot find module 'lucide-react' or its corresponding type declarations.
src/components/analytics/AnalyticsOverview.tsx(3,56): error TS2307: Cannot find module 'lucide-react' or its corresponding type declarations.
src/components/analytics/CapaRootCauseChart.tsx(20,26): error TS18048: 'capa' is possibly 'undefined'.
src/components/analytics/DataQualityPanel.tsx(3,57): error TS2307: Cannot find module 'lucide-react' or its corresponding type declarations.
src/components/analytics/HealthScoreGauge.tsx(3,57): error TS2307: Cannot find module 'lucide-react' or its corresponding type declarations.
src/components/analytics/InsightsPanel.tsx(3,86): error TS2307: Cannot find module 'lucide-react' or its corresponding type declarations.
src/components/analytics/ReportBuilder.tsx(28,8): error TS2307: Cannot find module 'lucide-react' or its corresponding type declarations.
src/components/analytics/TrendChart.tsx(3,31): error TS2307: Cannot find module 'lucide-react' or its corresponding type declarations.
src/components/audits/AuditLogComponent.tsx(105,16): error TS2322: Type '(props: React.SVGProps<SVGSVGElement>) => JSX.Element' is not assignable to type 'ReactNode'.
src/components/calendar/EventModal.tsx(48,16): error TS2345: Argument of type '{ date: string; title: { en: string; ar: string; }; description: { en: string; ar: string; }; }' is not assignable to parameter of type 'Omit<CustomCalendarEvent, "id" | "type">'.
  Property 'color' is missing in type '{ date: string; title: { en: string; ar: string; }; description: { en: string; ar: string; }; }' but required in type 'Omit<CustomCalendarEvent, "id" | "type">'.
src/components/common/__tests__/ContextualHelp.test.tsx(155,54): error TS2769: No overload matches this call.
  Overload 1 of 2, '(id: Matcher, options?: SelectorMatcherOptions | undefined): HTMLElement[]', gave the following error.
    Argument of type '(content: string, element: Element | null) => boolean | undefined' is not assignable to parameter of type 'Matcher'.
      Type '(content: string, element: Element | null) => boolean | undefined' is not assignable to type 'MatcherFunction'.
        Type 'boolean | undefined' is not assignable to type 'boolean'.
          Type 'undefined' is not assignable to type 'boolean'.
  Overload 2 of 2, '(id: Matcher, options?: SelectorMatcherOptions | undefined): HTMLElement[]', gave the following error.
    Argument of type '(content: string, element: Element | null) => boolean | undefined' is not assignable to parameter of type 'Matcher'.
      Type '(content: string, element: Element | null) => boolean | undefined' is not assignable to type 'MatcherFunction'.
        Type 'boolean | undefined' is not assignable to type 'boolean'.
          Type 'undefined' is not assignable to type 'boolean'.
src/components/common/CommandPalette.tsx(111,46): error TS18048: 'p.capaReports' is possibly 'undefined'.
src/components/common/CommandPalette.tsx(113,22): error TS18048: 'c.description' is possibly 'undefined'.
src/components/common/CommandPalette.tsx(117,21): error TS18048: 'c.description' is possibly 'undefined'.
src/components/common/ContextualHelp.tsx(113,13): error TS2322: Type '"primary" | "outline"' is not assignable to type '"secondary" | "primary" | "ghost" | "danger" | undefined'.
  Type '"outline"' is not assignable to type '"secondary" | "primary" | "ghost" | "danger" | undefined'.
src/components/common/HeaderTitle.tsx(59,62): error TS2322: Type '"users"' is not assignable to type 'NavigationView'.
src/components/common/HeaderTitle.tsx(60,80): error TS2820: Type '"accreditationHub"' is not assignable to type 'NavigationView'. Did you mean '"accreditation"'?
src/components/common/HeaderTitle.tsx(64,67): error TS2322: Type '"competencies"' is not assignable to type 'NavigationView'.
src/components/common/HeaderTitle.tsx(78,16): error TS2678: Type '"risk"' is not comparable to type 'NavigationView'.
src/components/common/LanguageSwitcher.tsx(23,11): error TS2339: Property 'setLang' does not exist on type 'LanguageContextType'.
src/components/common/MainRouter.tsx(71,18): error TS2322: Type '{ message: string; }' is not assignable to type 'IntrinsicAttributes'.
  Property 'message' does not exist on type 'IntrinsicAttributes'.
src/components/common/MainRouter.tsx(192,20): error TS18048: 'project.mockSurveys' is possibly 'undefined'.
src/components/common/MainRouter.tsx(210,20): error TS18048: 'project.mockSurveys' is possibly 'undefined'.
src/components/common/MainRouter.tsx(299,12): error TS2678: Type '"risk"' is not comparable to type 'NavigationView'.
src/components/common/MainRouter.tsx(322,13): error TS2322: Type 'NavigationState' is not assignable to type '{ view: "projectDetail"; projectId: string; }'.
  Types of property 'view' are incompatible.
    Type 'NavigationView' is not assignable to type '"projectDetail"'.
      Type '"projects"' is not assignable to type '"projectDetail"'.
src/components/common/MainRouter.tsx(329,13): error TS2322: Type 'NavigationState' is not assignable to type '{ view: "createProject"; } | { view: "editProject"; projectId: string; }'.
  Type 'NavigationState' is not assignable to type '{ view: "editProject"; projectId: string; }'.
    Types of property 'view' are incompatible.
      Type 'NavigationView' is not assignable to type '"editProject"'.
        Type '"projects"' is not assignable to type '"editProject"'.
src/components/common/MainRouter.tsx(336,13): error TS2322: Type 'NavigationState' is not assignable to type '{ view: "createProject"; } | { view: "editProject"; projectId: string; }'.
  Type 'NavigationState' is not assignable to type '{ view: "editProject"; projectId: string; }'.
    Types of property 'view' are incompatible.
      Type 'NavigationView' is not assignable to type '"editProject"'.
        Type '"projects"' is not assignable to type '"editProject"'.
src/components/common/NotificationCenter.tsx(20,32): error TS2339: Property 'link' does not exist on type 'Notification'.
src/components/common/NotificationCenter.tsx(45,107): error TS7015: Element implicitly has an 'any' type because index expression is not of type 'number'.
src/components/common/Toast.tsx(26,82): error TS7053: Element implicitly has an 'any' type because expression of type 'ToastType' can't be used to index type '{ success: string; error: string; info: string; }'.
  Property 'warning' does not exist on type '{ success: string; error: string; info: string; }'.
src/components/common/Toast.tsx(27,45): error TS7053: Element implicitly has an 'any' type because expression of type 'ToastType' can't be used to index type '{ success: Element; error: Element; info: Element; }'.
  Property 'warning' does not exist on type '{ success: Element; error: Element; info: Element; }'.
src/components/common/Toast.tsx(52,58): error TS2739: Type '{ success: (message: string) => void; error: (message: string) => void; info: (message: string) => void; }' is missing the following properties from type 'ToastContextType': warning, custom
src/components/competencies/UserCompetencyModal.tsx(31,52): error TS2551: Property 'evidenceDocumentId' does not exist on type '{ competencyId: string; issueDate: string; expiryDate: string; evidenceDocumentIds?: string[] | undefined; }'. Did you mean 'evidenceDocumentIds'?
src/components/competencies/UserCompetencyModal.tsx(47,7): error TS2322: Type 'string | undefined' is not assignable to type 'string'.
  Type 'undefined' is not assignable to type 'string'.
src/components/customization/CustomizationPanel.tsx(26,8): error TS2307: Cannot find module 'lucide-react' or its corresponding type declarations.
src/components/dashboard/AdminDashboard.tsx(88,16): error TS2339: Property 'payload' does not exist on type 'Omit<Props<ValueType, NameType>, PropertiesReadFromContext> & { active?: boolean | undefined; includeHidden?: boolean | undefined; ... 17 more ...; axisId?: AxisId | undefined; } & { ...; }'.
src/components/dashboard/AdminDashboard.tsx(88,25): error TS2339: Property 'label' does not exist on type 'Omit<Props<ValueType, NameType>, PropertiesReadFromContext> & { active?: boolean | undefined; includeHidden?: boolean | undefined; ... 17 more ...; axisId?: AxisId | undefined; } & { ...; }'.
src/components/dashboard/AdminDashboard.tsx(104,16): error TS2339: Property 'payload' does not exist on type 'Omit<Props<ValueType, NameType>, PropertiesReadFromContext> & { active?: boolean | undefined; includeHidden?: boolean | undefined; ... 17 more ...; axisId?: AxisId | undefined; } & { ...; }'.
src/components/dashboard/AdminDashboard.tsx(581,53): error TS2353: Object literal may only specify known properties, and 'filter' does not exist in type 'NavigationState'.
src/components/dashboard/AdminDashboard.tsx(590,53): error TS2353: Object literal may only specify known properties, and 'filter' does not exist in type 'NavigationState'.
src/components/dashboard/AdminDashboard.tsx(607,53): error TS2353: Object literal may only specify known properties, and 'filter' does not exist in type 'NavigationState'.
src/components/dashboard/AdminDashboard.tsx(641,60): error TS2353: Object literal may only specify known properties, and 'filter' does not exist in type 'NavigationState'.
src/components/dashboard/AdminDashboard.tsx(650,52): error TS2353: Object literal may only specify known properties, and 'filter' does not exist in type 'NavigationState'.
src/components/dashboard/PendingApprovalsWidget.tsx(59,21): error TS18048: 'p.capaReports' is possibly 'undefined'.
src/components/dashboard/PendingApprovalsWidget.tsx(63,18): error TS18048: 'capa.description' is possibly 'undefined'.
src/components/dashboard/ProjectLeadDashboard.tsx(171,72): error TS2353: Object literal may only specify known properties, and 'filter' does not exist in type 'NavigationState'.
src/components/dashboard/ProjectLeadDashboard.tsx(184,72): error TS2353: Object literal may only specify known properties, and 'filter' does not exist in type 'NavigationState'.
src/components/dashboard/ProjectLeadDashboard.tsx(198,71): error TS2353: Object literal may only specify known properties, and 'filter' does not exist in type 'NavigationState'.
src/components/dashboard/ProjectLeadDashboard.tsx(222,58): error TS2322: Type 'User[]' is not assignable to type 'string[] & User[]'.
  Type 'User[]' is not assignable to type 'string[]'.
    Type 'User' is not assignable to type 'string'.
src/components/dashboard/QuickActionsWidget.tsx(76,37): error TS2820: Type '"accreditationHub"' is not assignable to type 'NavigationView'. Did you mean '"accreditation"'?
src/components/dashboard/TeamMemberDashboard.tsx(32,11): error TS2741: Property '"Not Started"' is missing in type '{ Compliant: { text: string; color: string; }; "Partially Compliant": { text: string; color: string; }; "Non-Compliant": { text: string; color: string; }; "Not Applicable": { text: string; color: string; }; }' but required in type 'Record<ComplianceStatus, { text: string; color: string; }>'.
src/components/dashboard/TeamMemberDashboard.tsx(164,71): error TS2353: Object literal may only specify known properties, and 'filter' does not exist in type 'NavigationState'.
src/components/dashboard/TeamMemberDashboard.tsx(177,71): error TS2353: Object literal may only specify known properties, and 'filter' does not exist in type 'NavigationState'.
src/components/dashboard/TeamMemberDashboard.tsx(184,71): error TS2353: Object literal may only specify known properties, and 'filter' does not exist in type 'NavigationState'.
src/components/dashboard/TeamMemberDashboard.tsx(197,71): error TS2353: Object literal may only specify known properties, and 'filter' does not exist in type 'NavigationState'.
src/components/departments/DepartmentTaskTable.tsx(19,9): error TS2741: Property '"Not Started"' is missing in type '{ Compliant: { text: string; color: string; }; "Partially Compliant": { text: string; color: string; }; "Non-Compliant": { text: string; color: string; }; "Not Applicable": { text: string; color: string; }; }' but required in type 'Record<ComplianceStatus, { text: string; color: string; }>'.
src/components/departments/DepartmentTaskTable.tsx(134,18): error TS2322: Type '(props: React.SVGProps<SVGSVGElement>) => JSX.Element' is not assignable to type 'ReactNode'.
src/components/departments/DepartmentUserList.tsx(36,18): error TS2322: Type '(props: React.SVGProps<SVGSVGElement>) => JSX.Element' is not assignable to type 'ReactNode'.
src/components/documents/ControlledDocumentsTable.tsx(78,18): error TS2322: Type '(props: React.SVGProps<SVGSVGElement>) => JSX.Element' is not assignable to type 'ReactNode'.
src/components/documents/DocumentEditorModal.tsx(50,25): error TS18048: 'document.versionHistory' is possibly 'undefined'.
src/components/documents/DocumentEditorModal.tsx(65,14): error TS2488: Type '{ version: number; date: string; uploadedBy: string; content: LocalizedString; }[] | undefined' must have a '[Symbol.iterator]()' method that returns an iterator.
src/components/documents/DocumentEditorModal.tsx(90,26): error TS18047: 'currentContent' is possibly 'null'.
src/components/documents/DocumentEditorModal.tsx(123,32): error TS2304: Cannot find name 'setTemplateGalleryOpen'.
src/components/documents/DocumentEditorModal.tsx(175,28): error TS18047: 'document.content' is possibly 'null'.
src/components/documents/DocumentEditorModal.tsx(177,33): error TS2345: Argument of type '(d: AppDocument) => { content: { en?: string | undefined; ar?: string | undefined; }; id: string; name: LocalizedString; type: "Report" | "Evidence" | "Policy" | "Procedure" | "Process Map"; ... 19 more ...; version?: number | undefined; }' is not assignable to parameter of type 'SetStateAction<AppDocument>'.
  Type '(d: AppDocument) => { content: { en?: string | undefined; ar?: string | undefined; }; id: string; name: LocalizedString; type: "Report" | "Evidence" | "Policy" | "Procedure" | "Process Map"; ... 19 more ...; version?: number | undefined; }' is not assignable to type '(prevState: AppDocument) => AppDocument'.
    Call signature return types '{ content: { en?: string | undefined; ar?: string | undefined; }; id: string; name: LocalizedString; type: "Report" | "Evidence" | "Policy" | "Procedure" | "Process Map"; ... 19 more ...; version?: number | undefined; }' and 'AppDocument' are incompatible.
      The types of 'content.en' are incompatible between these types.
        Type 'string | undefined' is not assignable to type 'string'.
          Type 'undefined' is not assignable to type 'string'.
src/components/documents/DocumentEditorModal.tsx(187,45): error TS18047: 'currentContent' is possibly 'null'.
src/components/documents/DocumentEditorSidebar.tsx(71,19): error TS2345: Argument of type '(d: AppDocument) => { content: { en?: string | undefined; ar?: string | undefined; }; id: string; name: LocalizedString; type: "Report" | "Evidence" | "Policy" | "Procedure" | "Process Map"; ... 19 more ...; version?: number | undefined; }' is not assignable to parameter of type 'SetStateAction<AppDocument>'.
  Type '(d: AppDocument) => { content: { en?: string | undefined; ar?: string | undefined; }; id: string; name: LocalizedString; type: "Report" | "Evidence" | "Policy" | "Procedure" | "Process Map"; ... 19 more ...; version?: number | undefined; }' is not assignable to type '(prevState: AppDocument) => AppDocument'.
    Call signature return types '{ content: { en?: string | undefined; ar?: string | undefined; }; id: string; name: LocalizedString; type: "Report" | "Evidence" | "Policy" | "Procedure" | "Process Map"; ... 19 more ...; version?: number | undefined; }' and 'AppDocument' are incompatible.
      The types of 'content.en' are incompatible between these types.
        Type 'string | undefined' is not assignable to type 'string'.
          Type 'undefined' is not assignable to type 'string'.
src/components/documents/DocumentEditorSidebar.tsx(84,9): error TS18047: 'document.content' is possibly 'null'.
src/components/documents/DocumentEditorSidebar.tsx(87,19): error TS2345: Argument of type '(d: AppDocument) => { content: { en?: string | undefined; ar?: string | undefined; }; id: string; name: LocalizedString; type: "Report" | "Evidence" | "Policy" | "Procedure" | "Process Map"; ... 19 more ...; version?: number | undefined; }' is not assignable to parameter of type 'SetStateAction<AppDocument>'.
  Type '(d: AppDocument) => { content: { en?: string | undefined; ar?: string | undefined; }; id: string; name: LocalizedString; type: "Report" | "Evidence" | "Policy" | "Procedure" | "Process Map"; ... 19 more ...; version?: number | undefined; }' is not assignable to type '(prevState: AppDocument) => AppDocument'.
    Call signature return types '{ content: { en?: string | undefined; ar?: string | undefined; }; id: string; name: LocalizedString; type: "Report" | "Evidence" | "Policy" | "Procedure" | "Process Map"; ... 19 more ...; version?: number | undefined; }' and 'AppDocument' are incompatible.
      The types of 'content.en' are incompatible between these types.
        Type 'string | undefined' is not assignable to type 'string'.
          Type 'undefined' is not assignable to type 'string'.
src/components/documents/DocumentEditorSidebar.tsx(100,9): error TS18047: 'document.content' is possibly 'null'.
src/components/documents/DocumentEditorSidebar.tsx(103,19): error TS2345: Argument of type '(d: AppDocument) => { content: { en?: string | undefined; ar?: string | undefined; }; id: string; name: LocalizedString; type: "Report" | "Evidence" | "Policy" | "Procedure" | "Process Map"; ... 19 more ...; version?: number | undefined; }' is not assignable to parameter of type 'SetStateAction<AppDocument>'.
  Type '(d: AppDocument) => { content: { en?: string | undefined; ar?: string | undefined; }; id: string; name: LocalizedString; type: "Report" | "Evidence" | "Policy" | "Procedure" | "Process Map"; ... 19 more ...; version?: number | undefined; }' is not assignable to type '(prevState: AppDocument) => AppDocument'.
    Call signature return types '{ content: { en?: string | undefined; ar?: string | undefined; }; id: string; name: LocalizedString; type: "Report" | "Evidence" | "Policy" | "Procedure" | "Process Map"; ... 19 more ...; version?: number | undefined; }' and 'AppDocument' are incompatible.
      The types of 'content.en' are incompatible between these types.
        Type 'string | undefined' is not assignable to type 'string'.
          Type 'undefined' is not assignable to type 'string'.
src/components/documents/DocumentEditorSidebar.tsx(274,12): error TS18048: 'document.versionHistory' is possibly 'undefined'.
src/components/documents/DocumentListItem.tsx(51,5): error TS2353: Object literal may only specify known properties, and 'Rejected' does not exist in type 'Record<"Approved" | "Pending Review" | "Draft", string>'.
src/components/documents/DocumentRow.tsx(24,9): error TS2353: Object literal may only specify known properties, and 'Rejected' does not exist in type 'Record<"Approved" | "Pending Review" | "Draft", string>'.
src/components/documents/DocumentSearch.tsx(144,75): error TS2322: Type 'LocalizedString' is not assignable to type 'ReactNode'.
src/components/documents/DOCXViewer.tsx(41,13): error TS2322: Type 'Promise<{ src: string; }>' is not assignable to type '(image: ImageConverter) => Promise<{ src: string; }>'.
  Type 'Promise<{ src: string; }>' provides no match for the signature '(image: ImageConverter): Promise<{ src: string; }>'.
src/components/documents/ProcessMapEditor.tsx(712,26): error TS2304: Cannot find name 'setShowAIGenerator'.
src/components/documents/ProcessMapEditor.tsx(713,21): error TS2304: Cannot find name 'isAIProcessing'.
src/components/documents/ProcessMapEditor.tsx(719,20): error TS2304: Cannot find name 'handleGetSuggestions'.
src/components/documents/ProcessMapEditor.tsx(720,21): error TS2304: Cannot find name 'isAIProcessing'.
src/components/documents/ProcessMapEditor.tsx(726,20): error TS2304: Cannot find name 'handleOptimizeProcess'.
src/components/documents/ProcessMapEditor.tsx(727,21): error TS2304: Cannot find name 'isAIProcessing'.
src/components/documents/ProcessMapEditor.tsx(733,20): error TS2304: Cannot find name 'handleGenerateDocumentation'.
src/components/documents/ProcessMapEditor.tsx(734,21): error TS2304: Cannot find name 'isAIProcessing'.
src/components/documents/ProcessMapEditor.tsx(740,26): error TS2304: Cannot find name 'setShowComplianceCheck'.
src/components/documents/ProcessMapEditor.tsx(741,21): error TS2304: Cannot find name 'isAIProcessing'.
src/components/documents/ProcessMapEditor.tsx(749,28): error TS2304: Cannot find name 'setShowNodeSearch'.
src/components/documents/ProcessMapEditor.tsx(755,28): error TS2304: Cannot find name 'setQuickAddMode'.
src/components/documents/ProcessMapEditor.tsx(755,45): error TS2304: Cannot find name 'quickAddMode'.
src/components/documents/ProcessMapEditor.tsx(757,15): error TS2304: Cannot find name 'quickAddMode'.
src/components/documents/ProcessMapEditor.tsx(762,26): error TS2304: Cannot find name 'quickAddMode'.
src/components/documents/ProcessMapEditor.tsx(765,28): error TS2304: Cannot find name 'setShowSwimlanes'.
src/components/documents/ProcessMapEditor.tsx(765,46): error TS2304: Cannot find name 'showSwimlanes'.
src/components/documents/ProcessMapEditor.tsx(771,28): error TS2304: Cannot find name 'setShowMetrics'.
src/components/documents/ProcessMapEditor.tsx(771,44): error TS2304: Cannot find name 'showMetrics'.
src/components/documents/ProcessMapEditor.tsx(778,10): error TS2304: Cannot find name 'isAIProcessing'.
src/components/documents/ProcessMapEditor.tsx(875,17): error TS2322: Type 'ZoomInOut' is not assignable to type 'MouseEventHandler<HTMLButtonElement>'.
  Types of parameters 'options' and 'event' are incompatible.
    Type 'MouseEvent<HTMLButtonElement, MouseEvent>' has no properties in common with type 'ViewportHelperFunctionOptions'.
src/components/documents/ProcessMapEditor.tsx(882,17): error TS2322: Type 'ZoomInOut' is not assignable to type 'MouseEventHandler<HTMLButtonElement>'.
  Types of parameters 'options' and 'event' are incompatible.
    Type 'MouseEvent<HTMLButtonElement, MouseEvent>' has no properties in common with type 'ViewportHelperFunctionOptions'.
src/components/documents/ProcessMapEditor.tsx(1470,8): error TS2304: Cannot find name 'showAIGenerator'.
src/components/documents/ProcessMapEditor.tsx(1473,26): error TS2304: Cannot find name 'setShowAIGenerator'.
src/components/documents/ProcessMapEditor.tsx(1484,22): error TS2304: Cannot find name 'aiDescription'.
src/components/documents/ProcessMapEditor.tsx(1485,32): error TS2304: Cannot find name 'setAiDescription'.
src/components/documents/ProcessMapEditor.tsx(1491,32): error TS2304: Cannot find name 'setShowAIGenerator'.
src/components/documents/ProcessMapEditor.tsx(1497,26): error TS2304: Cannot find name 'handleGenerateFromAI'.
src/components/documents/ProcessMapEditor.tsx(1498,27): error TS2304: Cannot find name 'isAIProcessing'.
src/components/documents/ProcessMapEditor.tsx(1498,46): error TS2304: Cannot find name 'aiDescription'.
src/components/documents/ProcessMapEditor.tsx(1501,18): error TS2304: Cannot find name 'isAIProcessing'.
src/components/documents/ProcessMapEditor.tsx(1509,8): error TS2304: Cannot find name 'aiSuggestions'.
src/components/documents/ProcessMapEditor.tsx(1517,30): error TS2304: Cannot find name 'setAiSuggestions'.
src/components/documents/ProcessMapEditor.tsx(1524,14): error TS2304: Cannot find name 'aiSuggestions'.
src/components/documents/ProcessMapEditor.tsx(1524,33): error TS7006: Parameter 'suggestion' implicitly has an 'any' type.
src/components/documents/ProcessMapEditor.tsx(1524,45): error TS7006: Parameter 'idx' implicitly has an 'any' type.
src/components/documents/ProcessMapEditor.tsx(1541,34): error TS2304: Cannot find name 'handleAddSuggestedNode'.
src/components/documents/ProcessMapEditor.tsx(1553,8): error TS2304: Cannot find name 'showOptimizations'.
src/components/documents/ProcessMapEditor.tsx(1556,26): error TS2304: Cannot find name 'setShowOptimizations'.
src/components/documents/ProcessMapEditor.tsx(1566,14): error TS2304: Cannot find name 'optimizations'.
src/components/documents/ProcessMapEditor.tsx(1572,18): error TS2304: Cannot find name 'optimizations'.
src/components/documents/ProcessMapEditor.tsx(1572,37): error TS7006: Parameter 'opt' implicitly has an 'any' type.
src/components/documents/ProcessMapEditor.tsx(1572,42): error TS7006: Parameter 'idx' implicitly has an 'any' type.
src/components/documents/ProcessMapEditor.tsx(1618,32): error TS2304: Cannot find name 'setShowOptimizations'.
src/components/documents/ProcessMapEditor.tsx(1629,8): error TS2304: Cannot find name 'showComplianceCheck'.
src/components/documents/ProcessMapEditor.tsx(1632,26): error TS2304: Cannot find name 'setShowComplianceCheck'.
src/components/documents/ProcessMapEditor.tsx(1642,15): error TS2304: Cannot find name 'complianceResult'.
src/components/documents/ProcessMapEditor.tsx(1649,36): error TS2304: Cannot find name 'handleCheckCompliance'.
src/components/documents/ProcessMapEditor.tsx(1660,36): error TS2304: Cannot find name 'handleCheckCompliance'.
src/components/documents/ProcessMapEditor.tsx(1671,36): error TS2304: Cannot find name 'handleCheckCompliance'.
src/components/documents/ProcessMapEditor.tsx(1682,36): error TS2304: Cannot find name 'handleCheckCompliance'.
src/components/documents/ProcessMapEditor.tsx(1698,21): error TS2304: Cannot find name 'complianceResult'.
src/components/documents/ProcessMapEditor.tsx(1704,28): error TS2304: Cannot find name 'complianceResult'.
src/components/documents/ProcessMapEditor.tsx(1706,24): error TS2304: Cannot find name 'complianceResult'.
src/components/documents/ProcessMapEditor.tsx(1713,18): error TS2304: Cannot find name 'complianceResult'.
src/components/documents/ProcessMapEditor.tsx(1719,24): error TS2304: Cannot find name 'complianceResult'.
src/components/documents/ProcessMapEditor.tsx(1733,18): error TS2304: Cannot find name 'complianceResult'.
src/components/documents/ProcessMapEditor.tsx(1739,24): error TS2304: Cannot find name 'complianceResult'.
src/components/documents/ProcessMapEditor.tsx(1755,16): error TS2304: Cannot find name 'complianceResult'.
src/components/documents/ProcessMapEditor.tsx(1757,34): error TS2304: Cannot find name 'setComplianceResult'.
src/components/documents/ProcessMapEditor.tsx(1765,19): error TS2304: Cannot find name 'setShowComplianceCheck'.
src/components/documents/ProcessMapEditor.tsx(1766,19): error TS2304: Cannot find name 'setComplianceResult'.
src/components/documents/ProcessMapEditor.tsx(1778,8): error TS2304: Cannot find name 'showNodeSearch'.
src/components/documents/ProcessMapEditor.tsx(1781,26): error TS2304: Cannot find name 'setShowNodeSearch'.
src/components/documents/ProcessMapEditor.tsx(1793,22): error TS2304: Cannot find name 'searchTerm'.
src/components/documents/ProcessMapEditor.tsx(1794,32): error TS2304: Cannot find name 'handleNodeSearch'.
src/components/documents/ProcessMapEditor.tsx(1802,55): error TS2304: Cannot find name 'searchTerm'.
src/components/documents/ProcessMapEditor.tsx(1817,23): error TS2304: Cannot find name 'setShowNodeSearch'.
src/components/documents/ProcessMapEditor.tsx(1835,19): error TS2304: Cannot find name 'setShowNodeSearch'.
src/components/documents/ProcessMapEditor.tsx(1836,19): error TS2304: Cannot find name 'setSearchTerm'.
src/components/documents/ProcessMapEditor.tsx(1848,8): error TS2304: Cannot find name 'showExportDoc'.
src/components/documents/ProcessMapEditor.tsx(1851,26): error TS2304: Cannot find name 'setShowExportDoc'.
src/components/documents/ProcessMapEditor.tsx(1864,44): error TS2304: Cannot find name 'exportedDoc'.
src/components/documents/ProcessMapEditor.tsx(1870,42): error TS2304: Cannot find name 'exportedDoc'.
src/components/documents/ProcessMapEditor.tsx(1882,32): error TS2304: Cannot find name 'setShowExportDoc'.
src/components/documents/ProcessMapEditor.tsx(1910,13): error TS2322: Type 'RefObject<HTMLDivElement | null>' is not assignable to type 'RefObject<HTMLDivElement>'.
  Type 'HTMLDivElement | null' is not assignable to type 'HTMLDivElement'.
    Type 'null' is not assignable to type 'HTMLDivElement'.
src/components/documents/RichTextEditorEnhanced.tsx(14,27): error TS2307: Cannot find module '@tiptap/extension-highlight' or its corresponding type declarations.
src/components/documents/RichTextEditorEnhanced.tsx(15,23): error TS2307: Cannot find module '@tiptap/extension-color' or its corresponding type declarations.
src/components/documents/RichTextEditorEnhanced.tsx(16,27): error TS2307: Cannot find module '@tiptap/extension-text-style' or its corresponding type declarations.
src/components/documents/RichTextEditorEnhanced.tsx(17,25): error TS2307: Cannot find module '@tiptap/extension-mention' or its corresponding type declarations.
src/components/documents/RichTextEditorEnhanced.tsx(19,50): error TS2307: Cannot find module 'tippy.js' or its corresponding type declarations.
src/components/documents/RichTextEditorEnhanced.tsx(21,24): error TS2307: Cannot find module 'marked' or its corresponding type declarations.
src/components/documents/RichTextEditorEnhanced.tsx(22,39): error TS2307: Cannot find module '../../extensions/SlashCommandExtension' or its corresponding type declarations.
src/components/documents/RichTextEditorEnhanced.tsx(26,8): error TS2307: Cannot find module '../../services/aiWritingService' or its corresponding type declarations.
src/components/documents/RichTextEditorEnhanced.tsx(177,34): error TS7031: Binding element 'searchQuery' implicitly has an 'any' type.
src/components/documents/RichTextEditorEnhanced.tsx(632,53): error TS2339: Property 'toggleHighlight' does not exist on type 'ChainedCommands'.
src/components/documents/TemplateGallery.tsx(2,24): error TS2307: Cannot find module '@headlessui/react' or its corresponding type declarations.
src/components/documents/TemplateGallery.tsx(3,51): error TS2307: Cannot find module 'lucide-react' or its corresponding type declarations.
src/components/documents/TemplateGallery.tsx(8,3): error TS2305: Module '"../../data/documentTemplates"' has no exported member 'getTemplatesByCategory'.
src/components/documents/TemplateGallery.tsx(9,3): error TS2305: Module '"../../data/documentTemplates"' has no exported member 'searchTemplates'.
src/components/documents/TemplateGallery.tsx(189,61): error TS2339: Property 'icon' does not exist on type 'DocumentTemplate'.
src/components/documents/TemplateGallery.tsx(202,33): error TS7053: Element implicitly has an 'any' type because expression of type '"form" | "report" | "checklist" | "policy" | "procedure"' can't be used to index type '{ policy: string; procedure: string; sop: string; manual: string; form: string; checklist: string; }'.
  Property 'report' does not exist on type '{ policy: string; procedure: string; sop: string; manual: string; form: string; checklist: string; }'.
src/components/documents/TemplateGallery.tsx(211,39): error TS2339: Property 'tags' does not exist on type 'DocumentTemplate'.
src/components/documents/TemplateGallery.tsx(211,61): error TS7006: Parameter 'tag' implicitly has an 'any' type.
src/components/documents/TemplateGallery.tsx(262,63): error TS2339: Property 'icon' does not exist on type 'DocumentTemplate'.
src/components/documents/TemplateGallery.tsx(285,64): error TS2339: Property 'content' does not exist on type 'DocumentTemplate'.
src/components/feedback/FeedbackWidget.tsx(53,37): error TS2339: Property 'exportErrors' does not exist on type 'Logger'.
src/components/feedback/FeedbackWidget.tsx(59,52): error TS2339: Property 'uploadTextFile' does not exist on type 'CloudinaryService'.
src/components/feedback/FeedbackWidget.tsx(97,16): error TS2339: Property 'clearErrors' does not exist on type 'Logger'.
src/components/his-integration/IntegrationDashboard.tsx(274,12): error TS2304: Cannot find name 'TableContainer'.
src/components/his-integration/IntegrationDashboard.tsx(327,13): error TS2304: Cannot find name 'TableContainer'.
src/components/his-integration/SyncProgressBar.tsx(49,15): error TS2352: Conversion of type 'SyncError' to type 'Error' may be a mistake because neither type sufficiently overlaps with the other. If this was intentional, convert the expression to 'unknown' first.
  Type 'SyncError' is missing the following properties from type 'Error': name, message
src/components/his-integration/SyncProgressBar.tsx(75,47): error TS2339: Property 'message' does not exist on type 'SyncError'.
src/components/his-integration/SyncProgressBar.tsx(155,59): error TS2339: Property 'message' does not exist on type 'SyncError'.
src/components/icons.tsx(3,19): error TS2307: Cannot find module '../../dist/assets/Globe-BTNIcnIg' or its corresponding type declarations.
src/components/monitoring/MonitoringDashboard.tsx(146,67): error TS2339: Property 'url' does not exist on type 'Request | URL'.
  Property 'url' does not exist on type 'URL'.
src/components/monitoring/MonitoringDashboard.tsx(231,62): error TS2339: Property 'navigationStart' does not exist on type 'PerformanceNavigationTiming'.
src/components/notifications/NotificationCenter.tsx(14,3): error TS2305: Module '"@/components/icons"' has no exported member 'InfoIcon'.
src/components/notifications/NotificationCenter.tsx(15,3): error TS2305: Module '"@/components/icons"' has no exported member 'AlertIcon'.
src/components/notifications/NotificationToast.tsx(7,3): error TS2305: Module '"@/components/icons"' has no exported member 'InfoIcon'.
src/components/notifications/NotificationToast.tsx(8,3): error TS2305: Module '"@/components/icons"' has no exported member 'AlertIcon'.
src/components/onboarding/OnboardingModal.tsx(259,17): error TS2322: Type '"outline"' is not assignable to type '"secondary" | "primary" | "ghost" | "danger" | undefined'.
src/components/projects/BulkActionsToolbar.tsx(54,83): error TS2554: Expected 1 arguments, but got 2.
src/components/projects/ChecklistEvidence.tsx(82,9): error TS2353: Object literal may only specify known properties, and 'projectId' does not exist in type '{ name: { en: string; ar: string; }; type: "Report" | "Evidence" | "Policy" | "Procedure" | "Process Map"; fileUrl?: string | undefined; tags?: string[] | undefined; category?: string | undefined; departmentIds?: string[] | undefined; }'.
src/components/projects/ChecklistEvidence.tsx(155,15): error TS2339: Property 'linkedFhirResources' does not exist on type 'ChecklistItem'.
src/components/projects/ChecklistEvidence.tsx(155,41): error TS7006: Parameter 'res' implicitly has an 'any' type.
src/components/projects/ChecklistEvidence.tsx(165,45): error TS2339: Property 'linkedFhirResources' does not exist on type 'ChecklistItem'.
src/components/projects/ChecklistItemComponent.tsx(128,41): error TS2345: Argument of type '{ projectId: string; title: string; description: string; category: "Process"; priority: "High"; owner: string; team: string[]; currentStage: "Plan"; targetCompletionDate: string; improvementMetrics: { ...; }; }' is not assignable to parameter of type 'Omit<PDCACycle, "id">'.
  Type '{ projectId: string; title: string; description: string; category: "Process"; priority: "High"; owner: string; team: string[]; currentStage: "Plan"; targetCompletionDate: string; improvementMetrics: { ...; }; }' is missing the following properties from type 'Omit<PDCACycle, "id">': stageHistory, createdAt
src/components/projects/ChecklistItemComponent.tsx(166,9): error TS2322: Type 'string | undefined' is not assignable to type 'string'.
  Type 'undefined' is not assignable to type 'string'.
src/components/projects/ChecklistItemComponent.tsx(238,17): error TS7053: Element implicitly has an 'any' type because expression of type 'ComplianceStatus' can't be used to index type '{ Compliant: string; "Non-Compliant": string; "Partially Compliant": string; "Not Applicable": string; }'.
  Property 'Not Started' does not exist on type '{ Compliant: string; "Non-Compliant": string; "Partially Compliant": string; "Not Applicable": string; }'.
src/components/projects/DesignControlsComponent.tsx(72,11): error TS2741: Property 'standardId' is missing in type '{ id: string; requirement: string; policyProcess: string; implementationEvidence: string; auditFindings: string; outcomeKPI: string; status: "Not Applicable"; linkedDocumentIds: never[]; }' but required in type 'DesignControlItem'.
src/components/projects/DesignControlsComponent.tsx(105,27): error TS2339: Property 'standard' does not exist on type 'Project'.
src/components/projects/DesignControlsComponent.tsx(108,9): error TS2322: Type '(string | undefined)[]' is not assignable to type 'string[]'.
  Type 'string | undefined' is not assignable to type 'string'.
    Type 'undefined' is not assignable to type 'string'.
src/components/projects/PDCACycleCard.tsx(50,40): error TS2345: Argument of type '{ projectId: string; title: string; description: string; category: "Process"; priority: "High"; owner: string | undefined; team: never[]; currentStage: PDCAStage; targetCompletionDate: string | undefined; improvementMetrics: { ...; }; }' is not assignable to parameter of type 'Omit<PDCACycle, "id">'.
  Type '{ projectId: string; title: string; description: string; category: "Process"; priority: "High"; owner: string | undefined; team: never[]; currentStage: PDCAStage; targetCompletionDate: string | undefined; improvementMetrics: { ...; }; }' is missing the following properties from type 'Omit<PDCACycle, "id">': stageHistory, createdAt
src/components/projects/PDCACycleCard.tsx(83,9): error TS2322: Type 'string | undefined' is not assignable to type 'string'.
  Type 'undefined' is not assignable to type 'string'.
src/components/projects/PDCACycleCard.tsx(109,9): error TS2322: Type 'string | undefined' is not assignable to type 'string'.
  Type 'undefined' is not assignable to type 'string'.
src/components/projects/PDCACycleCard.tsx(110,9): error TS2322: Type 'string | undefined' is not assignable to type 'string'.
  Type 'undefined' is not assignable to type 'string'.
src/components/projects/PDCACycleCard.tsx(186,40): error TS2345: Argument of type 'string | undefined' is not assignable to parameter of type 'string'.
  Type 'undefined' is not assignable to type 'string'.
src/components/projects/PDCACycleCard.tsx(204,15): error TS2345: Argument of type 'string | undefined' is not assignable to parameter of type 'string'.
  Type 'undefined' is not assignable to type 'string'.
src/components/projects/PDCACycleDetailModal.tsx(56,9): error TS2322: Type 'string | undefined' is not assignable to type 'string'.
  Type 'undefined' is not assignable to type 'string'.
src/components/projects/PDCACycleManager.tsx(22,11): error TS2339: Property 'users' does not exist on type 'AppState'.
src/components/projects/PDCACycleManager.tsx(23,11): error TS2339: Property 'updateCAPAPDCAStage' does not exist on type 'ProjectState'.
src/components/projects/PDCACycleManager.tsx(71,14): error TS18048: 'title' is possibly 'undefined'.
src/components/projects/PDCACycleManager.tsx(173,24): error TS18048: 'user' is possibly 'undefined'.
src/components/projects/PDCACycleManager.tsx(437,53): error TS2345: Argument of type '{ projectId: string; title: string; description: string; category: "Process" | "Quality" | "Safety" | "Efficiency" | "Other"; ... 5 more ...; improvementMetrics: { ...; }; }' is not assignable to parameter of type 'Omit<PDCACycle, "id">'.
  Type '{ projectId: string; title: string; description: string; category: "Process" | "Quality" | "Safety" | "Efficiency" | "Other"; priority: "High" | "Medium" | "Low"; owner: string; team: never[]; currentStage: "Plan"; targetCompletionDate: string; improvementMetrics: { ...; }; }' is missing the following properties from type 'Omit<PDCACycle, "id">': stageHistory, createdAt
src/components/projects/PDCACycleManager.tsx(557,43): error TS7006: Parameter 'user' implicitly has an 'any' type.
src/components/projects/ProjectCard.tsx(49,25): error TS18048: 'project.capaReports' is possibly 'undefined'.
src/components/projects/ProjectCard.tsx(109,31): error TS2339: Property 'id' does not exist on type 'string'.
src/components/projects/ProjectCard.tsx(110,19): error TS2322: Type 'string' is not assignable to type 'User'.
src/components/projects/ProjectCard.tsx(112,37): error TS2339: Property 'name' does not exist on type 'string'.
src/components/quality-insights/CompetencyGapReport.tsx(131,18): error TS2322: Type '(props: React.SVGProps<SVGSVGElement>) => JSX.Element' is not assignable to type 'ReactNode'.
src/components/quality-insights/PDCACycleTracker.tsx(22,32): error TS18048: 'c' is possibly 'undefined'.
src/components/quality-insights/PDCACycleTracker.tsx(22,56): error TS18048: 'c' is possibly 'undefined'.
src/components/quality-insights/PDCACycleTracker.tsx(23,30): error TS18048: 'c' is possibly 'undefined'.
src/components/quality-insights/PDCACycleTracker.tsx(23,60): error TS18048: 'c' is possibly 'undefined'.
src/components/quality-insights/PDCACycleTracker.tsx(23,76): error TS18048: 'c' is possibly 'undefined'.
src/components/quality-insights/PDCACycleTracker.tsx(24,33): error TS18048: 'c' is possibly 'undefined'.
src/components/quality-insights/PDCACycleTracker.tsx(24,68): error TS18048: 'c' is possibly 'undefined'.
src/components/quality-insights/PDCACycleTracker.tsx(25,31): error TS18048: 'c' is possibly 'undefined'.
src/components/quality-insights/RootCauseAnalysis.tsx(18,32): error TS18048: 'p.capaReports' is possibly 'undefined'.
src/components/quality-insights/TrainingEffectivenessChart.tsx(26,75): error TS18048: 'c' is possibly 'undefined'.
src/components/quality-insights/TrainingEffectivenessChart.tsx(26,109): error TS18048: 'c' is possibly 'undefined'.
src/components/risk/CapaModal.tsx(27,22): error TS2345: Argument of type 'string | undefined' is not assignable to parameter of type 'SetStateAction<string>'.
  Type 'undefined' is not assignable to type 'SetStateAction<string>'.
src/components/risk/CapaModal.tsx(28,28): error TS2345: Argument of type 'string | undefined' is not assignable to parameter of type 'SetStateAction<string>'.
  Type 'undefined' is not assignable to type 'SetStateAction<string>'.
src/components/risk/CapaModal.tsx(29,21): error TS2345: Argument of type 'string | undefined' is not assignable to parameter of type 'SetStateAction<string>'.
  Type 'undefined' is not assignable to type 'SetStateAction<string>'.
src/components/risk/CapaModal.tsx(30,21): error TS2345: Argument of type 'string | undefined' is not assignable to parameter of type 'SetStateAction<string | null>'.
  Type 'undefined' is not assignable to type 'SetStateAction<string | null>'.
src/components/risk/CapaModal.tsx(31,27): error TS2769: No overload matches this call.
  Overload 1 of 4, '(value: string | number | Date): Date', gave the following error.
    Argument of type 'string | undefined' is not assignable to parameter of type 'string | number | Date'.
      Type 'undefined' is not assignable to type 'string | number | Date'.
  Overload 2 of 4, '(value: string | number): Date', gave the following error.
    Argument of type 'string | undefined' is not assignable to parameter of type 'string | number'.
      Type 'undefined' is not assignable to type 'string | number'.
src/components/risk/CapaModal.tsx(32,17): error TS2345: Argument of type 'ProjectStatus' is not assignable to parameter of type 'SetStateAction<"Closed" | "Open">'.
  Type '"Completed"' is not assignable to type 'SetStateAction<"Closed" | "Open">'.
src/components/risk/CapaModal.tsx(50,12): error TS2345: Argument of type '{ description: string; rootCauseAnalysis: string; actionPlan: string; assignedTo: string | null; dueDate: string; status: "Closed" | "Open"; id: string; type?: "CAPA" | undefined; title?: string | undefined; ... 17 more ...; closureException?: { ...; } | undefined; }' is not assignable to parameter of type 'Omit<CAPAReport, "id">'.
  Types of property 'assignedTo' are incompatible.
    Type 'string | null' is not assignable to type 'string | undefined'.
      Type 'null' is not assignable to type 'string | undefined'.
src/components/risk/CapaReportsTab.tsx(22,22): error TS18048: 'b' is possibly 'undefined'.
src/components/risk/CapaReportsTab.tsx(22,56): error TS18048: 'a' is possibly 'undefined'.
src/components/risk/CapaReportsTab.tsx(32,55): error TS18048: 'capa' is possibly 'undefined'.
src/components/risk/CapaReportsTab.tsx(35,51): error TS18048: 'capa' is possibly 'undefined'.
src/components/risk/CapaReportsTab.tsx(38,55): error TS18048: 'capa' is possibly 'undefined'.
src/components/risk/CapaReportsTab.tsx(41,20): error TS18048: 'capa' is possibly 'undefined'.
src/components/risk/CapaReportsTab.tsx(42,15): error TS2322: Type 'CAPAReport | undefined' is not assignable to type 'CAPAReport'.
  Type 'undefined' is not assignable to type 'CAPAReport'.
src/components/risk/EffectivenessChecksTab.tsx(25,9): error TS18048: 'p.capaReports' is possibly 'undefined'.
src/components/risk/EffectivenessChecksTab.tsx(84,23): error TS2769: No overload matches this call.
  Overload 1 of 4, '(value: string | number | Date): Date', gave the following error.
    Argument of type 'string | undefined' is not assignable to parameter of type 'string | number | Date'.
      Type 'undefined' is not assignable to type 'string | number | Date'.
  Overload 2 of 4, '(value: string | number): Date', gave the following error.
    Argument of type 'string | undefined' is not assignable to parameter of type 'string | number'.
      Type 'undefined' is not assignable to type 'string | number'.
src/components/risk/EffectivenessChecksTab.tsx(102,20): error TS2322: Type '(props: React.SVGProps<SVGSVGElement>) => JSX.Element' is not assignable to type 'ReactNode'.
src/components/risk/RiskRegisterTab.tsx(14,11): error TS2339: Property 'showToast' does not exist on type 'ToastContextType'.
src/components/settings/BulkUserImport.tsx(56,45): error TS2345: Argument of type 'Partial<User>[]' is not assignable to parameter of type 'User[]'.
  Type 'Partial<User>' is not assignable to type 'User'.
    Types of property 'id' are incompatible.
      Type 'string | undefined' is not assignable to type 'string'.
        Type 'undefined' is not assignable to type 'string'.
src/components/settings/BulkUserImport.tsx(88,33): error TS2554: Expected 3 arguments, but got 2.
src/components/settings/BulkUserImport.tsx(94,25): error TS2339: Property 'successCount' does not exist on type 'Partial<User>[]'.
src/components/settings/BulkUserImport.tsx(95,24): error TS2339: Property 'errors' does not exist on type 'Partial<User>[]'.
src/components/settings/BulkUserImport.tsx(96,24): error TS2339: Property 'errors' does not exist on type 'Partial<User>[]'.
src/components/settings/BulkUserImport.tsx(99,18): error TS2339: Property 'successCount' does not exist on type 'Partial<User>[]'.
src/components/settings/BulkUserImport.tsx(100,55): error TS2339: Property 'successCount' does not exist on type 'Partial<User>[]'.
src/components/settings/BulkUserImport.tsx(102,18): error TS2339: Property 'errors' does not exist on type 'Partial<User>[]'.
src/components/settings/BulkUserImport.tsx(103,48): error TS2339: Property 'errors' does not exist on type 'Partial<User>[]'.
src/components/settings/firebase/BatchImportPanel.tsx(39,11): error TS2339: Property 'toast' does not exist on type 'ToastContextType'.
src/components/settings/firebase/EnhancedCollectionsManager.tsx(49,11): error TS2339: Property 'toast' does not exist on type 'ToastContextType'.
src/components/settings/firebase/FirebaseConfigurationEntry.tsx(27,32): error TS2554: Expected 0 arguments, but got 1.
src/components/settings/firebase/FirebaseConfigurationEntry.tsx(28,11): error TS2339: Property 'toast' does not exist on type 'ToastContextType'.
src/components/settings/QuickActionsPanel.tsx(7,3): error TS2724: '"@/components/icons"' has no exported member named 'UserPlusIcon'. Did you mean 'UsersIcon'?
src/components/settings/QuickActionsPanel.tsx(15,10): error TS2724: '"@/hooks/useNavigation"' has no exported member named 'useNavigate'. Did you mean 'useNavigation'?
src/components/settings/SettingsAuditLogViewer.tsx(45,9): error TS2554: Expected 0-1 arguments, but got 4.
src/components/settings/SettingsAuditLogViewer.tsx(256,41): error TS2339: Property 'toDate' does not exist on type 'string'.
src/components/settings/SettingsPresetsPanel.tsx(104,9): error TS2554: Expected 1 arguments, but got 6.
src/components/settings/SettingsPresetsPanel.tsx(115,9): error TS2322: Type '"visual"' is not assignable to type '"theme" | "full" | "security" | "notifications" | "personal"'.
src/components/settings/SettingsPresetsPanel.tsx(200,23): error TS2367: This comparison appears to be unintentional because the types '"theme" | "full" | "security" | "notifications" | "personal"' and '"visual"' have no overlap.
src/components/settings/SettingsPresetsPanel.tsx(204,29): error TS2367: This comparison appears to be unintentional because the types '"theme" | "full" | "notifications" | "personal"' and '"performance"' have no overlap.
src/components/settings/SettingsPresetsPanel.tsx(211,25): error TS2367: This comparison appears to be unintentional because the types '"theme" | "full" | "security" | "notifications" | "personal"' and '"visual"' have no overlap.
src/components/settings/SettingsPresetsPanel.tsx(215,31): error TS2367: This comparison appears to be unintentional because the types '"theme" | "full" | "notifications" | "personal"' and '"performance"' have no overlap.
src/components/settings/SettingsVersionHistory.tsx(49,48): error TS2554: Expected 0 arguments, but got 1.
src/components/settings/SettingsVersionHistory.tsx(67,9): error TS2559: Type 'string' has no properties in common with type 'Partial<AppSettings>'.
src/components/settings/SettingsVersionHistory.tsx(96,45): error TS2554: Expected 1 arguments, but got 2.
src/components/settings/SettingsVersionHistory.tsx(97,22): error TS2345: Argument of type 'Partial<AppSettings>' is not assignable to parameter of type 'AppSettings'.
  Types of property 'appName' are incompatible.
    Type 'string | undefined' is not assignable to type 'string'.
      Type 'undefined' is not assignable to type 'string'.
src/components/settings/SettingsVersionHistory.tsx(212,43): error TS2339: Property 'toDate' does not exist on type 'string'.
src/components/settings/VisualSettingsPage.tsx(197,17): error TS2554: Expected 7 arguments, but got 6.
src/components/settings/VisualSettingsPage.tsx(202,13): error TS18047: 'appSettings' is possibly 'null'.
src/components/settings/VisualSettingsPage.tsx(210,17): error TS2554: Expected 7 arguments, but got 6.
src/components/settings/VisualSettingsPage.tsx(215,13): error TS18047: 'appSettings' is possibly 'null'.
src/components/settings/VisualSettingsPage.tsx(227,11): error TS2559: Type 'string' has no properties in common with type 'Partial<AppSettings>'.
src/components/training/TrainingCard.tsx(8,44): error TS2339: Property '0' does not exist on type '{ trainingId: string; assignedBy?: string | undefined; assignedDate: string; dueDate?: string | undefined; }[] | undefined'.
src/components/ui/Modal.tsx(30,16): error TS2345: Argument of type 'RefObject<HTMLDivElement | null>' is not assignable to parameter of type 'RefObject<HTMLElement>'.
  Type 'HTMLDivElement | null' is not assignable to type 'HTMLElement'.
    Type 'null' is not assignable to type 'HTMLElement'.
src/components/users/UserCompetencies.tsx(296,28): error TS2322: Type '(props: React.SVGProps<SVGSVGElement>) => JSX.Element' is not assignable to type 'ReactNode'.
src/components/users/UserProjectInvolvement.tsx(177,18): error TS2322: Type '(props: React.SVGProps<SVGSVGElement>) => JSX.Element' is not assignable to type 'ReactNode'.
src/components/users/UserTrainingDashboard.tsx(133,22): error TS2322: Type '(props: React.SVGProps<SVGSVGElement>) => JSX.Element' is not assignable to type 'ReactNode'.
src/components/users/UserTrainingDashboard.tsx(178,22): error TS2322: Type '(props: React.SVGProps<SVGSVGElement>) => JSX.Element' is not assignable to type 'ReactNode'.
src/hooks/useAnalyticsHooks.ts(130,9): error TS2322: Type '{ type: "success" | "warning" | "info"; title: string; message: string; recommendation?: string | undefined; }[]' is not assignable to type 'Insight[]'.
  Type '{ type: "success" | "warning" | "info"; title: string; message: string; recommendation?: string | undefined; }' is not assignable to type 'Insight'.
    Types of property 'recommendation' are incompatible.
      Type 'string | undefined' is not assignable to type 'string'.
        Type 'undefined' is not assignable to type 'string'.
src/hooks/useAnalyticsHooks.ts(175,65): error TS2554: Expected 0 arguments, but got 1.
src/hooks/useAnalyticsHooks.ts(296,16): error TS2345: Argument of type '{ isLoading: false; period: string; totalSyncs: number; byStatus: { success: number; failure: number; partial: number; }; successRate: number; statistics: { duration: { min: number; max: number; average: number; median: number; }; records: { ...; }; }; }' is not assignable to parameter of type 'SetStateAction<SyncStatistics>'.
  Type '{ isLoading: false; period: string; totalSyncs: number; byStatus: { success: number; failure: number; partial: number; }; successRate: number; statistics: { duration: { min: number; max: number; average: number; median: number; }; records: { ...; }; }; }' is missing the following properties from type 'SyncStatistics': successCount, failureCount, pendingCount, averageDuration
src/hooks/useAnalyticsHooks.ts(372,18): error TS2345: Argument of type '{ isLoading: false; totalRecords: number; validRecords: number; invalidRecords: number; duplicateRecords: number; missingFields: Record<string, number>; validationErrorRate: number; dataIntegrity: number; lastValidationTime: Date; }' is not assignable to parameter of type 'SetStateAction<DataQualityMetrics>'.
  Type '{ isLoading: false; totalRecords: number; validRecords: number; invalidRecords: number; duplicateRecords: number; missingFields: Record<string, number>; validationErrorRate: number; dataIntegrity: number; lastValidationTime: Date; }' is missing the following properties from type 'DataQualityMetrics': duplicateCount, missingFieldErrors
src/hooks/useFirestoreQuery.ts(2,10): error TS2305: Module '"@/firebase/firebaseConfig"' has no exported member 'firestore'.
src/hooks/useFirestoreQuery.ts(4,19): error TS2307: Cannot find module 'zod' or its corresponding type declarations.
src/hooks/useHISIntegration.ts(36,51): error TS2554: Expected 2-4 arguments, but got 1.
src/hooks/useHISIntegration.ts(54,36): error TS2339: Property 'stopSync' does not exist on type 'HISDataSyncService'.
src/hooks/useHISIntegration.ts(94,42): error TS2339: Property 'schedule' does not exist on type 'HISSyncScheduler'.
src/hooks/useHISIntegration.ts(105,41): error TS2339: Property 'unschedule' does not exist on type 'HISSyncScheduler'.
src/hooks/useHISIntegration.ts(114,41): error TS2339: Property 'pauseJob' does not exist on type 'HISSyncScheduler'.
src/hooks/useHISIntegration.ts(123,41): error TS2339: Property 'resumeJob' does not exist on type 'HISSyncScheduler'.
src/hooks/useHISIntegration.ts(132,33): error TS2339: Property 'getUpcomingRuns' does not exist on type 'HISSyncScheduler'.
src/hooks/useHISIntegration.ts(137,41): error TS2339: Property 'getScheduledJobs' does not exist on type 'HISSyncScheduler'.
src/hooks/useHISIntegration.ts(144,41): error TS2339: Property 'getScheduledJobs' does not exist on type 'HISSyncScheduler'.
src/hooks/useHISIntegration.ts(148,49): error TS2339: Property 'getJobStatus' does not exist on type 'HISSyncScheduler'.
src/hooks/useHISIntegration.ts(274,23): error TS2339: Property 'getSyncStatus' does not exist on type 'HISIntegrationState'.
src/hooks/useHISIntegration.ts(281,25): error TS2339: Property 'getSyncStatus' does not exist on type 'HISIntegrationState'.
src/hooks/useHISIntegration.ts(312,69): error TS2345: Argument of type 'string' is not assignable to parameter of type 'FHIRResource'.
src/hooks/useHISIntegration.ts(395,38): error TS2554: Expected 2-4 arguments, but got 1.
src/hooks/usePDCASuggestions.ts(12,11): error TS2339: Property 'askAgent' does not exist on type '{ chatHistory: ChatMessage[]; isLoading: boolean; error: string | null; sendMessage: (message: string, context?: AIAgentContext | undefined) => Promise<void>; clearHistory: () => void; }'.
src/hooks/useSanitizedHTML.ts(12,14): error TS2503: Cannot find namespace 'DOMPurify'.
src/hooks/useSanitizedHTML.ts(14,5): error TS2322: Type '"" | TrustedHTML' is not assignable to type 'string'.
  Type 'TrustedHTML' is not assignable to type 'string'.
src/hooks/useSanitizedHTML.ts(18,30): error TS2503: Cannot find namespace 'DOMPurify'.
src/hooks/useUnifiedEvents.ts(49,13): error TS18048: 'p.capaReports' is possibly 'undefined'.
src/hooks/useUnifiedEvents.ts(54,61): error TS18048: 'c.description' is possibly 'undefined'.
src/pages/AnalyticsPage.tsx(127,32): error TS2322: Type '{ kpis: { overdueTasks: number; activeProjects: number; complianceRate: number; capaResolutionRate: number; }; projectStatus: Record<string, number>; topRisks: (string | undefined)[]; }' is not assignable to type '{ kpis: { overdueTasks: number; activeProjects: number; complianceRate: number; capaResolutionRate: number; }; projectStatus: Record<string, number>; topRisks: string[]; }'.
  Types of property 'topRisks' are incompatible.
    Type '(string | undefined)[]' is not assignable to type 'string[]'.
      Type 'string | undefined' is not assignable to type 'string'.
        Type 'undefined' is not assignable to type 'string'.
src/pages/AuditHubPage.tsx(29,5): error TS2339: Property 'activityLog' does not exist on type 'AppState'.
src/pages/AuditHubPage.tsx(62,40): error TS7006: Parameter 'log' implicitly has an 'any' type.
src/pages/AuditHubPage.tsx(210,17): error TS2322: Type '{ type: "text"; placeholder: string; value: string; onChange: (e: ChangeEvent<HTMLInputElement>) => void; leftIcon: Element; }' is not assignable to type 'IntrinsicAttributes & InputProps'.
  Property 'leftIcon' does not exist on type 'IntrinsicAttributes & InputProps'.
src/pages/AuditHubPage.tsx(239,35): error TS7006: Parameter 'log' implicitly has an 'any' type.
src/pages/CalendarPage.tsx(65,25): error TS2345: Argument of type '{ id: string; type: "Custom"; title: string; description?: string | undefined; date: string; }' is not assignable to parameter of type 'CustomCalendarEvent'.
  Property 'color' is missing in type '{ id: string; type: "Custom"; title: string; description?: string | undefined; date: string; }' but required in type 'CustomCalendarEvent'.
src/pages/CalendarPage.tsx(67,22): error TS2345: Argument of type 'Omit<UnifiedEvent, "id" | "color" | "link" | "type">' is not assignable to parameter of type 'Omit<CustomCalendarEvent, "id" | "type">'.
  Property 'color' is missing in type 'Omit<UnifiedEvent, "id" | "color" | "link" | "type">' but required in type 'Omit<CustomCalendarEvent, "id" | "type">'.
src/pages/CalendarPage.tsx(107,9): error TS2322: Type '(eventData: Omit<UnifiedEvent, "id" | "type" | "color" | "link">, id?: string) => void' is not assignable to type '(event: Omit<CustomCalendarEvent, "id" | "type">, id?: string | undefined) => void'.
  Types of parameters 'eventData' and 'event' are incompatible.
    Type 'Omit<CustomCalendarEvent, "id" | "type">' is not assignable to type 'Omit<UnifiedEvent, "id" | "color" | "link" | "type">'.
      Types of property 'title' are incompatible.
        Type 'LocalizedString' is not assignable to type 'string'.
src/pages/CertificatePage.tsx(37,99): error TS18048: 'certificate.trainingTitle' is possibly 'undefined'.
src/pages/CertificatePage.tsx(37,125): error TS7015: Element implicitly has an 'any' type because index expression is not of type 'number'.
src/pages/CreateProjectPage.tsx(163,22): error TS18048: 'startDate' is possibly 'undefined'.
src/pages/CreateProjectPage.tsx(164,11): error TS2322: Type 'string | null' is not assignable to type 'string | undefined'.
  Type 'null' is not assignable to type 'string | undefined'.
src/pages/CreateProjectPage.tsx(214,22): error TS18048: 'startDate' is possibly 'undefined'.
src/pages/CreateProjectPage.tsx(235,20): error TS2352: Conversion of type 'any[]' to type 'T' may be a mistake because neither type sufficiently overlaps with the other. If this was intentional, convert the expression to 'unknown' first.
  'T' could be instantiated with an arbitrary type which could be unrelated to 'any[]'.
src/pages/CreateProjectPage.tsx(252,26): error TS2352: Conversion of type '{ name: string; description: string; programId: string; projectLead: { id: string; name: string; email: string; role: UserRole; departmentId: string | undefined; jobTitle: string | undefined; hireDate: string | undefined; competencies: { ...; }[]; trainingAssignments: { ...; }[]; readAndAcknowledge: never[] | Record...' to type 'Omit<Project, "id">' may be a mistake because neither type sufficiently overlaps with the other. If this was intentional, convert the expression to 'unknown' first.
  Type '{ name: string; description: string; programId: string; projectLead: { id: string; name: string; email: string; role: UserRole; departmentId: string | undefined; jobTitle: string | undefined; hireDate: string | undefined; competencies: { ...; }[]; trainingAssignments: { ...; }[]; readAndAcknowledge: never[] | Record...' is missing the following properties from type 'Omit<Project, "id">': createdAt, updatedAt
src/pages/CreateProjectPage.tsx(292,34): error TS2345: Argument of type 'ProjectTemplate | null | undefined' is not assignable to parameter of type 'ProjectTemplate | null'.
  Type 'undefined' is not assignable to type 'ProjectTemplate | null'.
src/pages/DepartmentsPage.tsx(33,11): error TS2339: Property 'showToast' does not exist on type 'ToastContextType'.
src/pages/DepartmentsPage.tsx(52,5): error TS2353: Object literal may only specify known properties, and 'n' does not exist in type 'KeyboardShortcut[]'.
src/pages/DepartmentsPage.tsx(202,51): error TS2345: Argument of type 'LocalizedString' is not assignable to parameter of type 'string'.
src/pages/DepartmentsPage.tsx(203,13): error TS2322: Type '{ key: string; department: { userCount: number; taskCount: number; compliance: number; usersInDept: User[]; id: string; name: LocalizedString; requiredCompetencyIds?: string[] | undefined; head?: string | undefined; members?: string[] | undefined; }; ... 4 more ...; isDeleting: boolean; }' is not assignable to type 'IntrinsicAttributes & DepartmentCardProps'.
  Property 'isDeleting' does not exist on type 'IntrinsicAttributes & DepartmentCardProps'.
src/pages/DocumentControlHubPage.tsx(475,13): error TS2322: Type '{ documents: AppDocument[]; canModify: boolean; onApprove: (doc: AppDocument) => void; onDelete: (docId: string) => Promise<void>; onView: (doc: AppDocument) => void; isDeleting: boolean; }' is not assignable to type 'IntrinsicAttributes & ControlledDocumentsTableProps'.
  Property 'isDeleting' does not exist on type 'IntrinsicAttributes & ControlledDocumentsTableProps'.
src/pages/DocumentControlHubPage.tsx(517,13): error TS2322: Type '{ isOpen: true; onClose: () => void; document: AppDocument; onSave: (doc: AppDocument) => Promise<void>; standards: Standard[]; isSaving: boolean; }' is not assignable to type 'IntrinsicAttributes & DocumentEditorModalProps'.
  Property 'isSaving' does not exist on type 'IntrinsicAttributes & DocumentEditorModalProps'.
src/pages/LoginPage.tsx(114,21): error TS2322: Type '{ id: string; name: string; type: "text" | "password"; autoComplete: "current-password"; required: true; value: string; onChange: (e: ChangeEvent<HTMLInputElement>) => void; rightIcon: Element; }' is not assignable to type 'IntrinsicAttributes & InputProps'.
  Property 'rightIcon' does not exist on type 'IntrinsicAttributes & InputProps'.
src/pages/ProjectDetailPage.tsx(91,15): error TS2554: Expected 2 arguments, but got 3.
src/pages/ProjectDetailPage.tsx(91,16): error TS7006: Parameter 'error' implicitly has an 'any' type.
src/pages/ProjectDetailPage.tsx(229,52): error TS2322: Type '{ project: Project; onUpdate: (project: Project) => Promise<void>; }' is not assignable to type 'IntrinsicAttributes & ProjectChecklistProps'.
  Property 'onUpdate' does not exist on type 'IntrinsicAttributes & ProjectChecklistProps'.
src/pages/ProjectDetailPage.tsx(236,13): error TS2322: Type '(projectId: string, designControls: DesignControlItem[]) => Promise<void>' is not assignable to type '(designControls: DesignControlItem[]) => void'.
  Target signature provides too few arguments. Expected 2 or more, but got 1.
src/pages/ProjectListPage.tsx(66,5): error TS2353: Object literal may only specify known properties, and 'n' does not exist in type 'KeyboardShortcut[]'.
src/pages/ProjectListPage.tsx(66,30): error TS2820: Type '"create-project"' is not assignable to type 'NavigationView'. Did you mean '"createProject"'?
src/pages/ProjectListPage.tsx(69,11): error TS7006: Parameter 'e' implicitly has an 'any' type.
src/pages/ProjectListPage.tsx(333,15): error TS2322: Type '{ type: "text"; placeholder: string; value: string; onChange: (e: ChangeEvent<HTMLInputElement>) => void; leftIcon: Element; }' is not assignable to type 'IntrinsicAttributes & InputProps'.
  Property 'leftIcon' does not exist on type 'IntrinsicAttributes & InputProps'.
src/pages/ProjectListPage.tsx(468,19): error TS2322: Type 'User[]' is not assignable to type 'string[] & User[]'.
  Type 'User[]' is not assignable to type 'string[]'.
    Type 'User' is not assignable to type 'string'.
src/pages/ProjectOverview.tsx(20,22): error TS18048: 'project.capaReports' is possibly 'undefined'.
src/pages/ProjectOverview.tsx(59,14): error TS18048: 'project.activityLog' is possibly 'undefined'.
src/pages/QualityInsightsPage.tsx(51,11): error TS18048: 'c' is possibly 'undefined'.
src/pages/QualityInsightsPage.tsx(51,46): error TS18048: 'c' is possibly 'undefined'.
src/pages/QualityInsightsPage.tsx(54,23): error TS2322: Type 'never[] | Record<string, boolean>' is not assignable to type 'boolean | readonly boolean[]'.
  Type 'Record<string, boolean>' is not assignable to type 'boolean | readonly boolean[]'.
    Type 'Record<string, boolean>' is missing the following properties from type 'readonly boolean[]': length, concat, join, slice, and 20 more.
src/pages/QualityInsightsPage.tsx(55,25): error TS18046: 'ack' is of type 'unknown'.
src/pages/StandardsPage.tsx(86,5): error TS2353: Object literal may only specify known properties, and 'n' does not exist in type 'KeyboardShortcut[]'.
src/pages/StandardsPage.tsx(89,11): error TS7006: Parameter 'e' implicitly has an 'any' type.
src/pages/StandardsPage.tsx(495,15): error TS2322: Type '{ type: "text"; placeholder: string; value: string; onChange: (e: ChangeEvent<HTMLInputElement>) => void; leftIcon: Element; }' is not assignable to type 'IntrinsicAttributes & InputProps'.
  Property 'leftIcon' does not exist on type 'IntrinsicAttributes & InputProps'.
src/pages/SurveyReportPage.tsx(59,11): error TS2322: Type 'string' is not assignable to type 'number'.
src/pages/SurveyReportPage.tsx(61,11): error TS2820: Type '"open"' is not assignable to type '"Closed" | "Open" | "Mitigated"'. Did you mean '"Open"'?
src/pages/SurveyReportPage.tsx(71,38): error TS2345: Argument of type '{ checklistItemId: string; description: string; rootCause: string; correctiveAction: string; preventiveAction: string; status: "Open"; assignedTo: string; dueDate: string; pdcaStage: "Plan"; pdcaHistory: never[]; }' is not assignable to parameter of type 'Omit<CAPAReport, "id">'.
  Type '{ checklistItemId: string; description: string; rootCause: string; correctiveAction: string; preventiveAction: string; status: "Open"; assignedTo: string; dueDate: string; pdcaStage: "Plan"; pdcaHistory: never[]; }' is missing the following properties from type 'Omit<CAPAReport, "id">': createdAt, updatedAt
src/pages/UsersPage.tsx(34,5): error TS2353: Object literal may only specify known properties, and 'n' does not exist in type 'KeyboardShortcut[]'.
src/pages/UsersPage.tsx(38,11): error TS7006: Parameter 'e' implicitly has an 'any' type.
src/pages/UsersPage.tsx(134,15): error TS2322: Type '{ type: "text"; placeholder: string; value: string; onChange: (e: ChangeEvent<HTMLInputElement>) => void; leftIcon: Element; }' is not assignable to type 'IntrinsicAttributes & InputProps'.
  Property 'leftIcon' does not exist on type 'IntrinsicAttributes & InputProps'.
src/pages/UsersPage.tsx(205,21): error TS2322: Type '{ department: Department | undefined; id: string; name: string; displayName?: string; email: string; role: UserRole; avatarUrl?: string; departmentId?: string; jobTitle?: string; ... 4 more ...; trainingAssignments?: { trainingId: string; assignedBy?: string; assignedDate: string; dueDate?: string; }[]; }' is not assignable to type 'User & { department?: Department | undefined; }'.
  Type '{ department: Department | undefined; id: string; name: string; displayName?: string; email: string; role: UserRole; avatarUrl?: string; departmentId?: string; jobTitle?: string; ... 4 more ...; trainingAssignments?: { trainingId: string; assignedBy?: string; assignedDate: string; dueDate?: string; }[]; }' is not assignable to type 'User'.
    Types of property 'department' are incompatible.
      Type 'Department | undefined' is not assignable to type 'string | undefined'.
        Type 'Department' is not assignable to type 'string'.
src/pages/UsersPage.tsx(211,38): error TS2345: Argument of type '{ department: Department | undefined; id: string; name: string; displayName?: string; email: string; role: UserRole; avatarUrl?: string; departmentId?: string; jobTitle?: string; ... 4 more ...; trainingAssignments?: { trainingId: string; assignedBy?: string; assignedDate: string; dueDate?: string; }[]; }' is not assignable to parameter of type 'SetStateAction<User | null>'.
  Type '{ department: Department | undefined; id: string; name: string; displayName?: string; email: string; role: UserRole; avatarUrl?: string; departmentId?: string; jobTitle?: string; ... 4 more ...; trainingAssignments?: { trainingId: string; assignedBy?: string; assignedDate: string; dueDate?: string; }[]; }' is not assignable to type 'User'.
    Types of property 'department' are incompatible.
      Type 'Department | undefined' is not assignable to type 'string | undefined'.
        Type 'Department' is not assignable to type 'string'.
src/services/__tests__/appSettingsService.test.ts(257,44): error TS2345: Argument of type '{ defaultLanguage: string; appName: string; logoUrl: string; primaryColor: string; defaultUserRole: UserRole; passwordPolicy: PasswordPolicy; globeSettings: GlobeSettings; ... 4 more ...; users?: UsersSettings; }' is not assignable to parameter of type 'AppSettings'.
  Types of property 'defaultLanguage' are incompatible.
    Type 'string' is not assignable to type 'Language'.
src/services/__tests__/bulkUserService.test.ts(59,17): error TS2353: Object literal may only specify known properties, and 'createdAt' does not exist in type 'User'.
src/services/__tests__/bulkUserService.test.ts(69,17): error TS2353: Object literal may only specify known properties, and 'createdAt' does not exist in type 'User'.
src/services/__tests__/bulkUserService.test.ts(185,21): error TS2353: Object literal may only specify known properties, and 'createdAt' does not exist in type 'User'.
src/services/aiAgentService.ts(88,30): error TS2339: Property 'projects' does not exist on type 'AppState'.
src/services/aiAgentService.ts(101,50): error TS7006: Parameter 'p' implicitly has an 'any' type.
src/services/aiAgentService.ts(109,36): error TS2339: Property 'userId' does not exist on type 'string'.
src/services/aiAgentService.ts(138,53): error TS7006: Parameter 'p' implicitly has an 'any' type.
src/services/aiAgentService.ts(145,60): error TS7006: Parameter 'p' implicitly has an 'any' type.
src/services/aiDocumentGeneratorService.ts(144,34): error TS2339: Property 'content' does not exist on type 'DocumentTemplate'.
src/services/aiDocumentGeneratorService.ts(174,34): error TS2339: Property 'content' does not exist on type 'DocumentTemplate'.
src/services/BackendService.ts(338,17): error TS2783: 'createdAt' is specified more than once, so this usage will be overwritten.
src/services/hisIntegration/ChangeDataCaptureService.ts(7,30): error TS2307: Cannot find module '../types' or its corresponding type declarations.
src/services/hisIntegration/DataMappingService.ts(6,49): error TS2307: Cannot find module '../types' or its corresponding type declarations.
src/services/hisIntegration/HISSyncScheduler.ts(7,27): error TS2307: Cannot find module '../types' or its corresponding type declarations.
src/services/hisIntegration/HISSyncScheduler.ts(200,18): error TS2339: Property 'success' does not exist on type 'SyncResult'.
src/services/hisIntegration/HISSyncScheduler.ts(215,21): error TS2339: Property 'success' does not exist on type 'SyncResult'.
src/services/hisIntegration/index.ts(18,1): error TS2308: Module './types' has already exported a member named 'ConnectorFactory'. Consider explicitly re-exporting to resolve the ambiguity.
src/services/hisIntegration/WebhookManagerService.ts(248,9): error TS2769: No overload matches this call.
  Overload 1 of 2, '(input: string | Request | URL, init?: RequestInit | undefined): Promise<Response>', gave the following error.
    Object literal may only specify known properties, and 'timeout' does not exist in type 'RequestInit'.
  Overload 2 of 2, '(input: RequestInfo | URL, init?: RequestInit | undefined): Promise<Response>', gave the following error.
    Object literal may only specify known properties, and 'timeout' does not exist in type 'RequestInit'.
src/services/hisIntegration/WebhookManagerService.ts(331,9): error TS2769: No overload matches this call.
  Overload 1 of 2, '(input: string | Request | URL, init?: RequestInit | undefined): Promise<Response>', gave the following error.
    Object literal may only specify known properties, and 'timeout' does not exist in type 'RequestInit'.
  Overload 2 of 2, '(input: RequestInfo | URL, init?: RequestInit | undefined): Promise<Response>', gave the following error.
    Object literal may only specify known properties, and 'timeout' does not exist in type 'RequestInit'.
src/services/programDocumentService.ts(174,26): error TS2339: Property 'createElement' does not exist on type 'ProgramDocument'.
src/services/programDocumentService.ts(177,16): error TS2339: Property 'body' does not exist on type 'ProgramDocument'.
src/services/projectService.ts(304,9): error TS2322: Type '{ id: string; name: "Plan" | "Do" | "Check" | "Act"; completedAt: string; notes: string; }' is not assignable to type 'PDCAStage'.
src/services/projectService.ts(321,36): error TS2322: Type '(CAPAReport | { pdcaStage: "Plan" | "Do" | "Check" | "Act"; pdcaHistory: (PDCAStage | PDCAStageRecord)[]; id: string; type?: "CAPA" | undefined; ... 22 more ...; closureException?: { ...; } | undefined; })[]' is not assignable to type 'CAPAReport[]'.
  Type 'CAPAReport | { pdcaStage: "Plan" | "Do" | "Check" | "Act"; pdcaHistory: (PDCAStage | PDCAStageRecord)[]; id: string; type?: "CAPA" | undefined; ... 22 more ...; closureException?: { ...; } | undefined; }' is not assignable to type 'CAPAReport'.
    Type '{ pdcaStage: "Plan" | "Do" | "Check" | "Act"; pdcaHistory: (PDCAStage | PDCAStageRecord)[]; id: string; type?: "CAPA"; title?: string; description?: string; ... 20 more ...; closureException?: { reason: string; approvedBy: string; approvedAt: string; }; }' is not assignable to type 'CAPAReport'.
      Types of property 'pdcaHistory' are incompatible.
        Type '(PDCAStage | PDCAStageRecord)[]' is not assignable to type 'PDCAStageRecord[]'.
          Type 'PDCAStage | PDCAStageRecord' is not assignable to type 'PDCAStageRecord'.
            Type 'string' is not assignable to type 'PDCAStageRecord'.
src/services/reportService.ts(279,9): error TS2741: Property '"Not Started"' is missing in type '{ Compliant: number; "Partially Compliant": number; "Non-Compliant": number; "Not Applicable": number; }' but required in type 'Record<ComplianceStatus, number>'.
src/services/settingsPresetsService.ts(99,13): error TS2741: Property 'sidebarCollapsed' is missing in type '{ compactMode: true; showAnimations: false; cardStyle: "outlined"; customColors: { primary: string; success: string; warning: string; danger: string; }; }' but required in type 'AppearanceSettings'.
src/services/settingsPresetsService.ts(124,17): error TS2561: Object literal may only specify known properties, but 'highContrastMode' does not exist in type 'AccessibilitySettings'. Did you mean to write 'highContrast'?
src/services/settingsPresetsService.ts(129,13): error TS2739: Type '{ showAnimations: false; cardStyle: "elevated"; }' is missing the following properties from type 'AppearanceSettings': compactMode, sidebarCollapsed, customColors
src/services/settingsPresetsService.ts(152,13): error TS2739: Type '{ requireEmailVerification: true; sessionTimeoutMinutes: number; maxLoginAttempts: number; lockoutDurationMinutes: number; }' is missing the following properties from type 'UsersSettings': enableUserManagement, autoDeactivateInactiveUsers, inactivityThresholdDays
src/services/settingsPresetsService.ts(179,13): error TS2739: Type '{ compactMode: true; showAnimations: false; }' is missing the following properties from type 'AppearanceSettings': sidebarCollapsed, cardStyle, customColors
src/services/settingsVersionService.ts(46,27): error TS2304: Cannot find name 'getDoc'.
src/services/settingsVersionService.ts(62,9): error TS2304: Cannot find name 'limit'.
src/services/settingsVersionService.ts(81,9): error TS2304: Cannot find name 'limit'.
src/services/standardDocumentService.ts(174,26): error TS2339: Property 'createElement' does not exist on type 'StandardDocument'.
src/services/standardDocumentService.ts(177,16): error TS2339: Property 'body' does not exist on type 'StandardDocument'.
src/services/standardService.ts(24,9): error TS2783: 'standardId' is specified more than once, so this usage will be overwritten.
src/stores/useAIChatStore.ts(52,51): error TS2339: Property 'sendMessage' does not exist on type 'AIAgentService'.
src/stores/useProjectStore.ts(230,18): error TS18048: 'project.capaReports' is possibly 'undefined'.
src/stores/useProjectStore.ts(253,21): error TS2322: Type 'PDCAStageRecord | { stage: PDCAStage; enteredAt: string; completedAt: string; completedBy: string; notes: string; attachments: string[]; }' is not assignable to type 'PDCAStageRecord'.
  Type '{ stage: PDCAStage; enteredAt: string; completedAt: string; completedBy: string; notes: string; attachments: string[]; }' is missing the following properties from type 'PDCAStageRecord': id, name
src/stores/useProjectStore.ts(253,50): error TS2739: Type '{ stage: PDCAStage; enteredAt: string; completedAt: string; completedBy: string; notes: string; attachments: string[]; }' is missing the following properties from type 'PDCAStageRecord': id, name
src/utils/numberFormatter.ts(234,22): error TS2339: Property 'formatRange' does not exist on type 'NumberFormat'.
src/utils/programDepartmentResolver.ts(48,25): error TS2353: Object literal may only specify known properties, and 'title' does not exist in type 'ProgramFormTemplate'.
src/utils/programDepartmentResolver.ts(66,25): error TS2353: Object literal may only specify known properties, and 'title' does not exist in type 'ProgramFormTemplate'.
src/utils/programDepartmentResolver.ts(75,25): error TS2353: Object literal may only specify known properties, and 'title' does not exist in type 'ProgramFormTemplate'.
src/utils/programDepartmentResolver.ts(92,25): error TS2353: Object literal may only specify known properties, and 'title' does not exist in type 'ProgramFormTemplate'.
src/utils/programDepartmentResolver.ts(110,25): error TS2353: Object literal may only specify known properties, and 'title' does not exist in type 'ProgramFormTemplate'.
src/utils/programDepartmentResolver.ts(127,25): error TS2353: Object literal may only specify known properties, and 'title' does not exist in type 'ProgramFormTemplate'.
src/utils/programDepartmentResolver.ts(145,25): error TS2353: Object literal may only specify known properties, and 'title' does not exist in type 'ProgramFormTemplate'.
src/utils/programDepartmentResolver.ts(169,25): error TS2353: Object literal may only specify known properties, and 'title' does not exist in type 'ProgramFormTemplate'.
src/utils/programDepartmentResolver.ts(186,25): error TS2353: Object literal may only specify known properties, and 'title' does not exist in type 'ProgramFormTemplate'.
src/utils/programDepartmentResolver.ts(203,25): error TS2353: Object literal may only specify known properties, and 'title' does not exist in type 'ProgramFormTemplate'.
src/utils/programDepartmentResolver.ts(220,25): error TS2353: Object literal may only specify known properties, and 'title' does not exist in type 'ProgramFormTemplate'.
src/utils/programDepartmentResolver.ts(237,25): error TS2353: Object literal may only specify known properties, and 'title' does not exist in type 'ProgramFormTemplate'.
src/utils/programDepartmentResolver.ts(261,25): error TS2353: Object literal may only specify known properties, and 'title' does not exist in type 'ProgramFormTemplate'.
src/utils/programDepartmentResolver.ts(278,25): error TS2353: Object literal may only specify known properties, and 'title' does not exist in type 'ProgramFormTemplate'.
src/utils/programDepartmentResolver.ts(295,25): error TS2353: Object literal may only specify known properties, and 'title' does not exist in type 'ProgramFormTemplate'.
src/utils/programDepartmentResolver.ts(311,25): error TS2353: Object literal may only specify known properties, and 'title' does not exist in type 'ProgramFormTemplate'.
